#-----------------------------------------------------------
# Vivado v2023.2 (64-bit)
# SW Build 4029153 on Fri Oct 13 20:14:34 MDT 2023
# IP Build 4028589 on Sat Oct 14 00:45:43 MDT 2023
# SharedData Build 4025554 on Tue Oct 10 17:18:54 MDT 2023
# Start of session at: Mon Sep 23 20:27:55 2024
# Process ID: 11280
# Current directory: C:/Users/kelly/OneDrive - Cal Poly Pomona/fall 2024/ece 3300L verilog lab/lab_3/lab_3.runs/impl_1
# Command line: vivado.exe -log calc_7seg.vdi -applog -product Vivado -messageDb vivado.pb -mode batch -source calc_7seg.tcl -notrace
# Log file: C:/Users/kelly/OneDrive - Cal Poly Pomona/fall 2024/ece 3300L verilog lab/lab_3/lab_3.runs/impl_1/calc_7seg.vdi
# Journal file: C:/Users/kelly/OneDrive - Cal Poly Pomona/fall 2024/ece 3300L verilog lab/lab_3/lab_3.runs/impl_1\vivado.jou
# Running On: DESKTOP-4A51OPS, OS: Windows, CPU Frequency: 2100 MHz, CPU Physical cores: 8, Host memory: 10618 MB
#-----------------------------------------------------------
source calc_7seg.tcl -notrace
